EN decodificador4x16 NULL "C:/Users/Lucas/Desktop/Pastas/UFRGS/2017/01/Sistemas Digitais/Trabalho/Neander/NeanderSistemasDigitais/Componentes/decodificador4x16.vhd" sub00/vhpl12 1496883187
EN ual NULL "C:/Users/Lucas/Desktop/Pastas/UFRGS/2017/01/Sistemas Digitais/Trabalho/Neander/NeanderSistemasDigitais/Componentes/UAL.vhd" sub00/vhpl02 1496883177
EN regacc NULL "C:/Users/Lucas/Desktop/Pastas/UFRGS/2017/01/Sistemas Digitais/Trabalho/Neander/NeanderSistemasDigitais/Componentes/regACC.vhd" sub00/vhpl04 1496883179
EN regpc NULL "C:/Users/Lucas/Desktop/Pastas/UFRGS/2017/01/Sistemas Digitais/Trabalho/Neander/NeanderSistemasDigitais/Componentes/regPC.vhd" sub00/vhpl08 1496883183
AR memoryneander memoryneander_a "C:/Users/Lucas/Desktop/Pastas/UFRGS/2017/01/Sistemas Digitais/Trabalho/neanderFINAL/ipcore_dir/memoryNeander.vhd" sub00/vhpl15 1496883190
AR regpc behavioral "C:/Users/Lucas/Desktop/Pastas/UFRGS/2017/01/Sistemas Digitais/Trabalho/Neander/NeanderSistemasDigitais/Componentes/regPC.vhd" sub00/vhpl09 1496883184
EN acc2bits NULL "C:/Users/Lucas/Desktop/Pastas/UFRGS/2017/01/Sistemas Digitais/Trabalho/Neander/NeanderSistemasDigitais/Componentes/acc2bits.vhd" sub00/vhpl06 1496883181
EN coreneander NULL "C:/Users/Lucas/Desktop/Pastas/UFRGS/2017/01/Sistemas Digitais/Trabalho/neanderFINAL/coreneander.vhd" sub00/vhpl16 1496883191
EN regri NULL "C:/Users/Lucas/Desktop/Pastas/UFRGS/2017/01/Sistemas Digitais/Trabalho/neanderFINAL/regRI.vhd" sub00/vhpl18 1496883175
EN memoryneander NULL "C:/Users/Lucas/Desktop/Pastas/UFRGS/2017/01/Sistemas Digitais/Trabalho/neanderFINAL/ipcore_dir/memoryNeander.vhd" sub00/vhpl14 1496883189
AR acc2bits behavioral "C:/Users/Lucas/Desktop/Pastas/UFRGS/2017/01/Sistemas Digitais/Trabalho/Neander/NeanderSistemasDigitais/Componentes/acc2bits.vhd" sub00/vhpl07 1496883182
AR decodificador4x16 behavioral "C:/Users/Lucas/Desktop/Pastas/UFRGS/2017/01/Sistemas Digitais/Trabalho/Neander/NeanderSistemasDigitais/Componentes/decodificador4x16.vhd" sub00/vhpl13 1496883188
AR ual behavioral "C:/Users/Lucas/Desktop/Pastas/UFRGS/2017/01/Sistemas Digitais/Trabalho/Neander/NeanderSistemasDigitais/Componentes/UAL.vhd" sub00/vhpl03 1496883178
EN fsm NULL "C:/Users/Lucas/Desktop/Pastas/UFRGS/2017/01/Sistemas Digitais/Trabalho/Neander/NeanderSistemasDigitais/Componentes/fsm.vhd" sub00/vhpl00 1496883173
EN mux21neander NULL "C:/Users/Lucas/Desktop/Pastas/UFRGS/2017/01/Sistemas Digitais/Trabalho/Neander/NeanderSistemasDigitais/Componentes/mux21_8bits.vhd" sub00/vhpl10 1496883185
AR regri behavioral "C:/Users/Lucas/Desktop/Pastas/UFRGS/2017/01/Sistemas Digitais/Trabalho/neanderFINAL/regRI.vhd" sub00/vhpl19 1496883176
AR regacc behavioral "C:/Users/Lucas/Desktop/Pastas/UFRGS/2017/01/Sistemas Digitais/Trabalho/Neander/NeanderSistemasDigitais/Componentes/regACC.vhd" sub00/vhpl05 1496883180
AR mux21neander behavioral "C:/Users/Lucas/Desktop/Pastas/UFRGS/2017/01/Sistemas Digitais/Trabalho/Neander/NeanderSistemasDigitais/Componentes/mux21_8bits.vhd" sub00/vhpl11 1496883186
AR fsm behavioral "C:/Users/Lucas/Desktop/Pastas/UFRGS/2017/01/Sistemas Digitais/Trabalho/Neander/NeanderSistemasDigitais/Componentes/fsm.vhd" sub00/vhpl01 1496883174
AR coreneander behavioral "C:/Users/Lucas/Desktop/Pastas/UFRGS/2017/01/Sistemas Digitais/Trabalho/neanderFINAL/coreneander.vhd" sub00/vhpl17 1496883192
